node : file:///C:/Users/aaayu
/OneDrive/Desktop/ojt3/Learni
ng-Assistant--OJT-/backend/sr
c/utils/pdfParser.js:2
At line:1 char:1
+ node test-ai.js > test.log 
2>&1
+ ~~~~~~~~~~~~~~~~~~~~~~~~~~~
~~~~
    + CategoryInfo           
   : NotSpecified: (file://  
  /C:/User.../pdfParser.js   
 :2:String) [], RemoteExc    
eption
    + FullyQualifiedErrorId  
   : NativeCommandError
 
import pdfParse from 
"pdf-parse";
       ^^^^^^^^
SyntaxError: The requested 
module 'pdf-parse' does not 
provide an export named 
'default'
    at #asyncInstantiate (nod
e:internal/modules/esm/module
_job:319:21)
    at async ModuleJob.run (n
ode:internal/modules/esm/modu
le_job:422:5)
    at async onImport.tracePr
omise.__proto__ (node:interna
l/modules/esm/loader:661:26)
    at async asyncRunEntryPoi
ntWithESMLoader (node:interna
l/modules/run_main:101:5)

Node.js v24.14.0
